// Jest Snapshot v1, https://goo.gl/fbAQLP

exports[`TodoInput SnapShot 1`] = `
<div
  className="root"
>
  <div
    className="list"
  >
    <div>
      <div
        className="root"
      >
        <div>
          <label>
            <input
              checked={false}
              className="checkbox"
              onChange={[Function]}
              type="checkbox"
              value={0}
            />
            <div
              className="icon"
            />
          </label>
        </div>
        <div
          className="inputText"
        >
          <div
            className="root"
          >
            <label>
              <input
                className="input"
                data-id={0}
                defaultValue="sample"
                onBlur={[Function]}
                type="text"
              />
              <div
                className="border"
              />
            </label>
          </div>
        </div>
        <div>
          <label>
            <input
              className="cross"
              onClick={[Function]}
              type="button"
              value={0}
            />
            <div
              className="icon"
            />
          </label>
        </div>
      </div>
    </div>
    <div>
      <div
        className="root"
      >
        <div>
          <label>
            <input
              checked={true}
              className="checkbox"
              onChange={[Function]}
              type="checkbox"
              value={1}
            />
            <div
              className="icon"
            />
          </label>
        </div>
        <div
          className="inputText"
        >
          <div
            className="root"
          >
            <label>
              <input
                className="input"
                data-id={1}
                defaultValue="test"
                onBlur={[Function]}
                type="text"
              />
              <div
                className="border"
              />
            </label>
          </div>
        </div>
        <div>
          <label>
            <input
              className="cross"
              onClick={[Function]}
              type="button"
              value={1}
            />
            <div
              className="icon"
            />
          </label>
        </div>
      </div>
    </div>
    <div>
      <div
        className="root"
      >
        <div>
          <label>
            <input
              checked={false}
              className="checkbox"
              onChange={[Function]}
              type="checkbox"
              value={2}
            />
            <div
              className="icon"
            />
          </label>
        </div>
        <div
          className="inputText"
        >
          <div
            className="root"
          >
            <label>
              <input
                className="input"
                data-id={2}
                defaultValue="component"
                onBlur={[Function]}
                type="text"
              />
              <div
                className="border"
              />
            </label>
          </div>
        </div>
        <div>
          <label>
            <input
              className="cross"
              onClick={[Function]}
              type="button"
              value={2}
            />
            <div
              className="icon"
            />
          </label>
        </div>
      </div>
    </div>
  </div>
</div>
`;

exports[`TodoInput SnapShot 2`] = `
<div
  className="root"
>
  <div
    className="inputContent"
  >
    <div
      className="root"
    >
      <label>
        <input
          className="input bottom"
          data-test="organisms_input_text"
          onChange={[Function]}
          type="text"
          value=""
        />
        <div
          className="border"
        />
      </label>
    </div>
  </div>
  <div
    className="button"
  >
    <div>
      <button
        className="my_button"
        data-test="organisms_submit_button"
        onClick={[Function]}
      >
        add
      </button>
    </div>
  </div>
</div>
`;
